loading whisper "base" (cpu, int8)...
  25/2072 verified...
  50/2072 verified...
  75/2072 verified...
  100/2072 verified...
  125/2072 verified...
  150/2072 verified...
  175/2072 verified...
  200/2072 verified...
  225/2072 verified...
  250/2072 verified...
  275/2072 verified...
  300/2072 verified...
  325/2072 verified...
  350/2072 verified...
  375/2072 verified...
  400/2072 verified...
  425/2072 verified...
  450/2072 verified...
  475/2072 verified...
  500/2072 verified...
  525/2072 verified...
  550/2072 verified...
  575/2072 verified...
  600/2072 verified...
  625/2072 verified...
  650/2072 verified...
  675/2072 verified...
  700/2072 verified...
  725/2072 verified...
  750/2072 verified...
  775/2072 verified...
  800/2072 verified...
  825/2072 verified...
  850/2072 verified...
  875/2072 verified...
  900/2072 verified...
  925/2072 verified...
  950/2072 verified...
  975/2072 verified...
  1000/2072 verified...
  1025/2072 verified...
  1050/2072 verified...
  1075/2072 verified...
  1100/2072 verified...
  1125/2072 verified...
  1150/2072 verified...
  1175/2072 verified...
  1200/2072 verified...
  1225/2072 verified...
  1250/2072 verified...
  1275/2072 verified...
  1300/2072 verified...
  1325/2072 verified...
  1350/2072 verified...
  1375/2072 verified...
  1400/2072 verified...
  1425/2072 verified...
  1450/2072 verified...
  1475/2072 verified...
  1500/2072 verified...
  1525/2072 verified...
  1550/2072 verified...
  1575/2072 verified...
  1600/2072 verified...
  1625/2072 verified...
  1650/2072 verified...
  1675/2072 verified...
  1700/2072 verified...
  1725/2072 verified...
  1750/2072 verified...
  1775/2072 verified...
  1800/2072 verified...
  1825/2072 verified...
  1850/2072 verified...
  1875/2072 verified...
  1900/2072 verified...
  1925/2072 verified...
  1950/2072 verified...
  1975/2072 verified...
  2000/2072 verified...
  2025/2072 verified...
  2050/2072 verified...
  2072/2072 verified...

matched    : 2039/2072
  of which repeat-run warnings : 84
mismatched : 33
missing    : 0

repeat-run warnings — ASR blind spot on adjacent identical
digits, not a bad clip. Spot-check by duration if unsure:
  af_heart/health-chemical-dependency-addictions-substance-abuse: expected 5333353  heard 53333353
  af_heart/health-clear-emotional-memory: expected 61988184161  heard 619888184161
  af_heart/protection-divine-protection: expected 8888  heard 888
  af_heart/health-prostate: expected 51432144  heard 5143214
  af_heart/health-scorpion-sting: expected 4188888  heard 41888888
  af_heart/career-redirection: expected 1489999  heard 148999
  af_nicole/spiritual-ability-to-make-better-use-of-your-time: expected 81441881  heard 8141881
  af_nicole/spiritual-accommodation-comfort-zone: expected 298388014712  heard 29838014712
  af_nicole/health-blood-vessel: expected 217918294888  heard 2179182948888
  af_nicole/health-care-for-planet-earth: expected 888918491648  heard 8889118491648
  af_nicole/health-epidermis: expected 598718889888  heard 5987188898888
  af_nicole/love-falling-in-love: expected 515889  heard 5158889
  af_nicole/spiritual-gather-information-for-the-standard-of-problem: expected 97319819  heard 973198819
  af_nicole/spiritual-moral-sense-of-guilt: expected 31961489918  heard 319614899918
  af_nicole/spiritual-resolution-of-issue-and-problem: expected 25122004  heard 2512204
  ...and 69 more

mismatches (re-render these, or check the transcript is just ASR noise):
  af_heart/career-attention-concentration
      expected 51968801971
      heard    519688101971
      asr      '519688101971.'
  af_heart/love-love
      expected 8884121289018
      heard    8884121291018
      asr      '8884121291018'
  af_nicole/spiritual-doubt-indecision
      expected 81949821931
      heard    819492821931
      asr      '8194-9282-1931'
  af_nicole/love-family-harmony
      expected 285555901
      heard    2855501
      asr      '2855501.'
  af_nicole/spiritual-normalization-of-weather-conditions
      expected 8888184321
      heard    8888188184321
      asr      '8888188184321'
  af_nicole/spiritual-optimism
      expected 498917181948
      heard    98917181948
      asr      '4th 9, 8, 9, 1, 7, 1, 8, 1, 9, 4, 8.'
  af_bella/love-family-harmony
      expected 285555901
      heard    285559101
      asr      '285559101'
  af_sarah/health-acute-respiratory-failure
      expected 1257814
      heard    57814
      asr      '1s 2s 5 7 8 1 4'
  af_sarah/protection-conflict
      expected 518716319414
      heard    51871631941
      asr      '5, 1, 8, 7, 1, 6, 3, 1, 9, 4, 1.'
  af_sarah/spiritual-create-favorable-circumstances
      expected 41948871
      heard    8871
      asr      '4s1 9s4 8 8 7 1'
  af_sarah/health-download-fever
      expected 518517519814
      heard    518517519811
      asr      '518-517-519-811'
  af_sarah/protection-jealousy
      expected 498491817
      heard    98491817
      asr      '4s 9 8 4 9 1 8 1 7'
  af_sarah/love-love
      expected 8884121289018
      heard    8884121291018
      asr      '8884121291018.'
  af_sarah/spiritual-normalization-of-weather-conditions
      expected 8888184321
      heard    888818184321
      asr      '888818184321'
  af_sarah/spiritual-optimism
      expected 498917181948
      heard    98917181948
      asr      '4s 9 8 9 1 7 1 8 1 9 4 8'
  af_river/protection-divine-protection
      expected 8888
      heard    
      asr      'Lay the aid, aid, aid.'
  af_river/health-download-fever
      expected 518517519814
      heard    51851751981
      asr      '51851751981'
  af_river/love-love
      expected 8884121289018
      heard    888412128018
      asr      '888412128018.'
  af_river/spiritual-weakness
      expected 898071988091
      heard    89807019880901
      asr      '898-070-1988-0901'
  bf_emma/health-vitality
      expected 498716988079
      heard    4987169887079
      asr      '4987169887079.'
  bf_emma/spiritual-weakness
      expected 898071988091
      heard    8980701988091
      asr      '898-070-198-8091.'
  bf_lily/health-epidermis
      expected 598718889888
      heard    59871888888
      asr      '5, 9, 8, 7, 1, 8, 8, 8, 8, 8, 8.'
  bf_lily/spiritual-feeling-of-pleasure-dopamine-balance
      expected 5821545
      heard    582154
      asr      '5, 8, 2, 1, 5, 4, 5s.'
  bf_lily/spiritual-i-am-nrem
      expected 4989
      heard    498
      asr      '4, 9, 8, 9s'
  bf_lily/health-quit-smoking-tobacco-use
      expected 1414551
      heard    141455
      asr      '1, 4, 1, 4, 5, 5, 1s.'
  ...and 8 more
